WARNING:__main__:
*****************************************
Setting OMP_NUM_THREADS environment variable for each process to be 1 in default, to avoid your system being overloaded, please further tune the variable for optimal performance in your application as needed. 
*****************************************
/juno/u/satvik/miniconda3/envs/sapg/lib/python3.8/site-packages/hydra/_internal/hydra.py:119: UserWarning: Future Hydra versions will no longer change working directory at job runtime by default.
See https://hydra.cc/docs/1.2/upgrades/1.1_to_1.2/changes_to_job_working_dir/ for more information.
  ret = run_job(
/juno/u/satvik/miniconda3/envs/sapg/lib/python3.8/site-packages/hydra/_internal/hydra.py:119: UserWarning: Future Hydra versions will no longer change working directory at job runtime by default.
See https://hydra.cc/docs/1.2/upgrades/1.1_to_1.2/changes_to_job_working_dir/ for more information.
  ret = run_job(
Importing module 'gym_38' (/juno/u/satvik/isaacgym/python/isaacgym/_bindings/linux-x86_64/gym_38.so)
Importing module 'gym_38' (/juno/u/satvik/isaacgym/python/isaacgym/_bindings/linux-x86_64/gym_38.so)
Setting GYM_USD_PLUG_INFO_PATH to /juno/u/satvik/isaacgym/python/isaacgym/_bindings/linux-x86_64/usd/plugInfo.jsonSetting GYM_USD_PLUG_INFO_PATH to /juno/u/satvik/isaacgym/python/isaacgym/_bindings/linux-x86_64/usd/plugInfo.json

PyTorch version 2.4.1+cu121
Device count 1
/juno/u/satvik/isaacgym/python/isaacgym/_bindings/src/gymtorch
Using /sailhome/satvik/.cache/torch_extensions/py38_cu121 as PyTorch extensions root...
PyTorch version 2.4.1+cu121
Device count 1
/juno/u/satvik/isaacgym/python/isaacgym/_bindings/src/gymtorch
Using /sailhome/satvik/.cache/torch_extensions/py38_cu121 as PyTorch extensions root...
Emitting ninja build file /sailhome/satvik/.cache/torch_extensions/py38_cu121/gymtorch/build.ninja...
Building extension module gymtorch...
Allowing ninja to set a default number of workers... (overridable by setting the environment variable MAX_JOBS=N)
ninja: no work to do.
Loading extension module gymtorch...
Loading extension module gymtorch...
Gym has been unmaintained since 2022 and does not support NumPy 2.0 amongst other critical functionality.
Please upgrade to Gymnasium, the maintained drop-in replacement of Gym, or contact the authors of your software and request that they upgrade.
See the migration guide at https://gymnasium.farama.org/introduction/migration_guide/ for additional information.Gym has been unmaintained since 2022 and does not support NumPy 2.0 amongst other critical functionality.
Please upgrade to Gymnasium, the maintained drop-in replacement of Gym, or contact the authors of your software and request that they upgrade.
See the migration guide at https://gymnasium.farama.org/introduction/migration_guide/ for additional information.

2026-02-17 07:14:24,222 - INFO - logger - logger initialized
2026-02-17 07:14:24,223 - INFO - logger - logger initialized
<unknown>:3: DeprecationWarning: invalid escape sequence \*
<unknown>:3: DeprecationWarning: invalid escape sequence \*
Error: FBX library failed to load - importing FBX data will not succeed. Message: No module named 'fbx'
FBX tools must be installed from https://help.autodesk.com/view/FBX/2020/ENU/?guid=FBX_Developer_Help_scripting_with_python_fbx_installing_python_fbx_html
Error: FBX library failed to load - importing FBX data will not succeed. Message: No module named 'fbx'
FBX tools must be installed from https://help.autodesk.com/view/FBX/2020/ENU/?guid=FBX_Developer_Help_scripting_with_python_fbx_installing_python_fbx_html
/juno/u/satvik/miniconda3/envs/sapg/lib/python3.8/site-packages/networkx/classes/graph.py:23: DeprecationWarning: Using or importing the ABCs from 'collections' instead of from 'collections.abc' is deprecated since Python 3.3, and in 3.10 it will stop working
  from collections import Mapping
/juno/u/satvik/miniconda3/envs/sapg/lib/python3.8/site-packages/networkx/classes/graph.py:23: DeprecationWarning: Using or importing the ABCs from 'collections' instead of from 'collections.abc' is deprecated since Python 3.3, and in 3.10 it will stop working
  from collections import Mapping
/juno/u/satvik/miniconda3/envs/sapg/lib/python3.8/site-packages/networkx/classes/reportviews.py:95: DeprecationWarning: Using or importing the ABCs from 'collections' instead of from 'collections.abc' is deprecated since Python 3.3, and in 3.10 it will stop working
  from collections import Mapping, Set, Iterable
/juno/u/satvik/miniconda3/envs/sapg/lib/python3.8/site-packages/networkx/classes/reportviews.py:95: DeprecationWarning: Using or importing the ABCs from 'collections' instead of from 'collections.abc' is deprecated since Python 3.3, and in 3.10 it will stop working
  from collections import Mapping, Set, Iterable
/juno/u/satvik/miniconda3/envs/sapg/lib/python3.8/site-packages/networkx/readwrite/graphml.py:346: DeprecationWarning: `np.int` is a deprecated alias for the builtin `int`. To silence this warning, use `int` by itself. Doing this will not modify any behavior and is safe. When replacing `np.int`, you may wish to use e.g. `np.int64` or `np.int32` to specify the precision. If you wish to review your current use, check the release note link for additional information.
Deprecated in NumPy 1.20; for more details and guidance: https://numpy.org/devdocs/release/1.20.0-notes.html#deprecations
  (np.int, "int"), (np.int8, "int"),
/juno/u/satvik/miniconda3/envs/sapg/lib/python3.8/site-packages/networkx/readwrite/graphml.py:346: DeprecationWarning: `np.int` is a deprecated alias for the builtin `int`. To silence this warning, use `int` by itself. Doing this will not modify any behavior and is safe. When replacing `np.int`, you may wish to use e.g. `np.int64` or `np.int32` to specify the precision. If you wish to review your current use, check the release note link for additional information.
Deprecated in NumPy 1.20; for more details and guidance: https://numpy.org/devdocs/release/1.20.0-notes.html#deprecations
  (np.int, "int"), (np.int8, "int"),
/juno/u/satvik/miniconda3/envs/sapg/lib/python3.8/site-packages/networkx/drawing/nx_pydot.py:27: DeprecationWarning: pkg_resources is deprecated as an API. See https://setuptools.pypa.io/en/latest/pkg_resources.html
  from pkg_resources import parse_version
/juno/u/satvik/miniconda3/envs/sapg/lib/python3.8/site-packages/networkx/drawing/nx_pydot.py:27: DeprecationWarning: pkg_resources is deprecated as an API. See https://setuptools.pypa.io/en/latest/pkg_resources.html
  from pkg_resources import parse_version
/juno/u/satvik/miniconda3/envs/sapg/lib/python3.8/site-packages/pkg_resources/__init__.py:3154: DeprecationWarning: Deprecated call to `pkg_resources.declare_namespace('mpl_toolkits')`.
Implementing implicit namespace packages (as specified in PEP 420) is preferred to `pkg_resources.declare_namespace`. See https://setuptools.pypa.io/en/latest/references/keywords.html#keyword-namespace-packages
  declare_namespace(pkg)
/juno/u/satvik/miniconda3/envs/sapg/lib/python3.8/site-packages/pkg_resources/__init__.py:3154: DeprecationWarning: Deprecated call to `pkg_resources.declare_namespace('mpl_toolkits')`.
Implementing implicit namespace packages (as specified in PEP 420) is preferred to `pkg_resources.declare_namespace`. See https://setuptools.pypa.io/en/latest/references/keywords.html#keyword-namespace-packages
  declare_namespace(pkg)
/juno/u/satvik/miniconda3/envs/sapg/lib/python3.8/site-packages/pkg_resources/__init__.py:3154: DeprecationWarning: Deprecated call to `pkg_resources.declare_namespace('google')`.
Implementing implicit namespace packages (as specified in PEP 420) is preferred to `pkg_resources.declare_namespace`. See https://setuptools.pypa.io/en/latest/references/keywords.html#keyword-namespace-packages
  declare_namespace(pkg)
/juno/u/satvik/miniconda3/envs/sapg/lib/python3.8/site-packages/pkg_resources/__init__.py:3154: DeprecationWarning: Deprecated call to `pkg_resources.declare_namespace('google')`.
Implementing implicit namespace packages (as specified in PEP 420) is preferred to `pkg_resources.declare_namespace`. See https://setuptools.pypa.io/en/latest/references/keywords.html#keyword-namespace-packages
  declare_namespace(pkg)
/juno/u/satvik/isaacgym/python/isaacgym/torch_utils.py:135: DeprecationWarning: `np.float` is a deprecated alias for the builtin `float`. To silence this warning, use `float` by itself. Doing this will not modify any behavior and is safe. If you specifically wanted the numpy scalar type, use `np.float64` here.
Deprecated in NumPy 1.20; for more details and guidance: https://numpy.org/devdocs/release/1.20.0-notes.html#deprecations
  def get_axis_params(value, axis_idx, x_value=0., dtype=np.float, n_dims=3):
/juno/u/satvik/isaacgym/python/isaacgym/torch_utils.py:135: DeprecationWarning: `np.float` is a deprecated alias for the builtin `float`. To silence this warning, use `float` by itself. Doing this will not modify any behavior and is safe. If you specifically wanted the numpy scalar type, use `np.float64` here.
Deprecated in NumPy 1.20; for more details and guidance: https://numpy.org/devdocs/release/1.20.0-notes.html#deprecations
  def get_axis_params(value, axis_idx, x_value=0., dtype=np.float, n_dims=3):
/juno/u/satvik/miniconda3/envs/sapg/lib/python3.8/site-packages/wandb/util.py:116: SentryHubDeprecationWarning: `sentry_sdk.Hub` is deprecated and will be removed in a future major release. Please consult our 1.x to 2.x migration guide for details on how to migrate `Hub` usage to the new API: https://docs.sentry.io/platforms/python/migration/1.x-to-2.x
  sentry_hub = sentry_sdk.Hub(sentry_client)
/juno/u/satvik/miniconda3/envs/sapg/lib/python3.8/site-packages/wandb/util.py:116: SentryHubDeprecationWarning: `sentry_sdk.Hub` is deprecated and will be removed in a future major release. Please consult our 1.x to 2.x migration guide for details on how to migrate `Hub` usage to the new API: https://docs.sentry.io/platforms/python/migration/1.x-to-2.x
  sentry_hub = sentry_sdk.Hub(sentry_client)
task: 
    name: AllegroKuka
    physics_engine: physx
    env: 
        subtask: reorientation
        numEnvs: 24576
        envSpacing: 1.2
        episodeLength: 600
        enableCameraSensors: True
        enableDebugVis: False
        evalStats: False
        clampAbsObservations: 10.0
        stiffnessScale: 1.0
        forceLimitScale: 1.0
        useRelativeControl: False
        dofSpeedScale: 1.5
        handMovingAverage: 0.1
        armMovingAverage: 0.1
        dofSpeedScaleFinal: None
        armMovingAverageFinal: None
        handMovingAverageFinal: None
        controlFrequencyInv: 1
        resetPositionNoiseX: 0.1
        resetPositionNoiseY: 0.1
        resetPositionNoiseZ: 0.02
        randomizeObjectRotation: True
        resetDofPosRandomIntervalFingers: 0.1
        resetDofPosRandomIntervalArm: 0.1
        resetDofVelRandomInterval: 0.5
        tableResetZ: 0.38
        tableResetZRange: 0.025
        tableObjectZOffset: 0.25
        forceScale: 2.0
        forceProbRange: [0.001, 0.1]
        forceDecay: 0.99
        forceDecayInterval: 0.08
        forceOnlyWhenLifted: True
        torqueScale: 0.0
        torqueProbRange: [0.001, 0.1]
        torqueDecay: 0.99
        torqueDecayInterval: 0.08
        torqueOnlyWhenLifted: True
        linVelImpulseProbRange: [0.001, 0.1]
        linVelImpulseScale: 0.0
        linVelImpulseOnlyWhenLifted: True
        angVelImpulseProbRange: [0.001, 0.1]
        angVelImpulseScale: 0.0
        angVelImpulseOnlyWhenLifted: True
        liftingRewScale: 20.0
        liftingBonus: 300.0
        liftingBonusThreshold: 0.15
        keypointRewScale: 200.0
        distanceDeltaRewScale: 50.0
        reachGoalBonus: 1000.0
        kukaActionsPenaltyScale: 0.03
        allegroActionsPenaltyScale: 0.003
        fallDistance: 0.24
        fallPenalty: 0.0
        objectLinVelPenaltyScale: 0.0
        objectAngVelPenaltyScale: 0.0
        privilegedActions: False
        privilegedActionsTorque: 0.02
        dofFriction: -1.0
        allegroStiffness: 5.0
        kukaStiffness: 300.0
        allegroEffort: 0.35
        kukaEffort: [300, 300, 300, 300, 300, 300, 300]
        allegroDamping: 0.25
        kukaDamping: 20.0
        allegroArmature: 0
        kukaArmature: 0
        keypointScale: 1.5
        objectBaseSize: 0.04
        randomizeObjectDimensions: True
        withSmallCuboids: True
        withBigCuboids: True
        withSticks: True
        objectType: block
        observationType: full_state
        successTolerance: 0.075
        targetSuccessTolerance: 0.01
        evalSuccessTolerance: None
        toleranceCurriculumIncrement: 0.9
        toleranceCurriculumInterval: 3000
        maxConsecutiveSuccesses: 50
        successSteps: 10
        forceConsecutiveNearGoalSteps: False
        saveStates: False
        saveStatesFile: rootTensorsDofStates.bin
        loadInitialStates: False
        loadStatesFile: rootTensorsDofStates.bin
        goodResetBoundary: 0
        object_type: tyler_handle_head
        use_fixed_set_of_goal_states: False
        use_fixed_init_object_pose: False
        fixedGoalStates: None
        use_hack_object_pos_offset: False
        hack_object_pos_offset: 0.05
        record_data: False
        record_data_num_steps: 1000
        capture_video: True
        capture_video_freq: 6000
        capture_video_len: 600
        turn_off_extra_obs: False
        turn_off_extra_obs_slowly: False
        turn_off_palm_vel_obs: False
        turn_off_palm_vel_obs_slowly: False
        turn_off_object_vel_obs: False
        turn_off_object_vel_obs_slowly: False
        use_obs_dropout: False
        init_tyler_curriculum_scale: 0.0
        VISUALIZE_PD_TARGET_AS_BLUE_ROBOT: False
        withTableForceSensor: False
        curriculumSuccessRatio: 0.6
        resetWhenDropped: True
        timeToUpdateTylerCurriculum: 5
        updateStepSizeTylerCurriculum: 0.01
        stateList: ['joint_pos', 'joint_vel', 'prev_action_targets', 'palm_pos', 'palm_rot', 'palm_vel', 'object_rot', 'object_vel', 'fingertip_pos_rel_palm', 'keypoints_rel_palm', 'keypoints_rel_goal', 'object_scales', 'closest_keypoint_max_dist', 'closest_fingertip_dist', 'lifted_object', 'progress', 'successes', 'reward']
        obsList: ['joint_pos', 'joint_vel', 'prev_action_targets', 'palm_pos', 'palm_rot', 'object_rot', 'fingertip_pos_rel_palm', 'keypoints_rel_palm', 'keypoints_rel_goal', 'object_scales']
        fixedSizeKeypointReward: False
        fixedSize: [0.141, 0.03025, 0.0271]
        startArmHigher: False
        use_green_robot: True
        sanity_check_controls: False
        add_prev_targets_to_obs: False
        jointVelocityPenaltyScale: 0.0
        jointAccelerationPenaltyScale: 0.0
        goalSamplingType: delta
        targetVolumeRegionScale: 1.0
        deltaGoalDistance: 0.1
        deltaRotationDegrees: 90.0
        targetVolumeMins: [-0.35, -0.1, 0.68]
        targetVolumeMaxs: [0.35, 0.2, 1.05]
        useObsDelay: True
        obsDelayMax: 3
        useActionDelay: False
        actionDelayMax: 3
        useObjectStateDelayNoise: True
        objectStateDelayMax: 10
        objectStateXyzNoiseStd: 0.01
        objectStateRotationNoiseDegrees: 5.0
        jointVelocityObsNoiseStd: 0.01
        forceNoReset: False
        objectStartPose: None
        goalObjectPose: None
        handleHeadTypes: ['hammer', 'screwdriver', 'marker', 'spatula', 'eraser', 'brush']
        useDepthObservation: False
        depthImageSize: 224
        depthCameraMount: fixed
        depthCameraPos: [0.5, 0.0, 0.8]
        depthCameraTarget: [0.0, 0.0, 0.5]
        depthCameraWristBody: iiwa14_link_7
        modifyAssetFrictions: True
        robotFriction: 0.5
        fingerTipFriction: 1.5
        objectFriction: 0.5
        tableFriction: 0.5
        asset: 
            kukaAllegro: urdf/kuka_allegro_description/iiwa14_left_sharpa_adjusted_restricted.urdf
            table: urdf/table_narrow.urdf
            assetFileNameBlock: urdf/objects/cube_multicolor.urdf
        useSparseReward: False
    task: 
        randomize: False
        randomization_params: 
            frequency: 720
            observations: 
                range: [0, 0.01]
                range_correlated: [0, 0.01]
                operation: additive
                distribution: gaussian
                schedule: constant
                schedule_steps: 5000
            actions: 
                range: [0.0, 0.01]
                range_correlated: [0.0, 0.01]
                operation: additive
                distribution: gaussian
                schedule: linear
                schedule_steps: 5000
            sim_params: 
                gravity: 
                    range: [0, 0.3]
                    operation: additive
                    distribution: gaussian
            actor_params: 
                allegro: 
                    color: True
                    dof_properties: 
                        damping: 
                            range: [0.7, 1.3]
                            operation: scaling
                            distribution: loguniform
                        stiffness: 
                            range: [0.7, 1.3]
                            operation: scaling
                            distribution: loguniform
                        effort: 
                            range: [0.7, 1.3]
                            operation: scaling
                            distribution: uniform
                        friction: 
                            range: [0.7, 1.3]
                            operation: scaling
                            distribution: uniform
                        armature: 
                            range: [0.7, 1.3]
                            operation: scaling
                            distribution: uniform
                    rigid_body_properties: 
                        mass: 
                            range: [0.7, 1.3]
                            operation: scaling
                            distribution: uniform
                            setup_only: True
                    rigid_shape_properties: 
                        friction: 
                            num_buckets: 100
                            range: [0.7, 1.3]
                            operation: scaling
                            distribution: uniform
                        restitution: 
                            num_buckets: 100
                            range: [0.0, 0.3]
                            operation: additive
                            distribution: uniform
                object: 
                    rigid_body_properties: 
                        mass: 
                            range: [0.7, 1.3]
                            operation: scaling
                            distribution: uniform
                            setup_only: True
                    rigid_shape_properties: 
                        friction: 
                            num_buckets: 100
                            range: [0.7, 1.3]
                            operation: scaling
                            distribution: uniform
                        restitution: 
                            num_buckets: 100
                            range: [0.0, 0.3]
                            operation: additive
                            distribution: uniform
    sim: 
        substeps: 2
        dt: 0.016666666666666666
        up_axis: z
        use_gpu_pipeline: True
        num_client_threads: 8
        gravity: [0.0, 0.0, -9.81]
        physx: 
            num_threads: 6
            solver_type: 1
            num_position_iterations: 8
            num_velocity_iterations: 0
            max_gpu_contact_pairs: 8388608
            num_subscenes: 4
            contact_offset: 0.002
            rest_offset: 0.0
            bounce_threshold_velocity: 0.2
            max_depenetration_velocity: 1000.0
            default_buffer_size_multiplier: 25.0
            contact_collection: 0
train: 
    params: 
        seed: 0
        algo: 
            name: a2c_continuous
        model: 
            name: continuous_a2c_logstd
        network: 
            name: actor_critic
            separate: False
            space: 
                continuous: 
                    mu_activation: None
                    sigma_activation: None
                    mu_init: 
                        name: default
                    sigma_init: 
                        name: const_initializer
                        val: 0
                    fixed_sigma: coef_cond
            mlp: 
                units: [1024, 1024, 512, 512]
                activation: elu
                d2rl: False
                initializer: 
                    name: default
                regularizer: 
                    name: None
            rnn: 
                name: lstm
                units: 1024
                layers: 1
                before_mlp: True
                layer_norm: True
        load_checkpoint: False
        load_path: 
        config: 
            name: 00_bench_1771341254
            device_name: cuda:0
            env_name: rlgpu
            multi_gpu: True
            ppo: True
            mixed_precision: True
            normalize_input: True
            normalize_value: True
            normalize_advantage: True
            reward_shaper: 
                scale_value: 0.01
            num_actors: 24576
            gamma: 0.99
            tau: 0.95
            learning_rate: 0.0001
            lr_schedule: adaptive
            schedule_type: standard
            kl_threshold: 0.016
            score_to_win: 1000000
            max_epochs: 15
            max_frames: 100000000000
            save_best_after: 100
            save_frequency: 3000
            print_stats: True
            grad_norm: 1.0
            entropy_coef: 0.0
            truncate_grads: True
            e_clip: 0.1
            minibatch_size: 98304
            mini_epochs: 2
            critic_coef: 4.0
            clip_value: True
            horizon_length: 16
            seq_length: 16
            bounds_loss_coef: 0.0001
            defer_summaries_sec: 240
            summaries_interval_sec_min: 60
            summaries_interval_sec_max: 300
            good_reset_boundary: 0
            use_others_experience: lf
            off_policy_ratio: 1.0
            expl_type: mixed_expl_learn_param
            expl_reward_coef_embd_size: 32
            expl_reward_coef_scale: 0.005
            expl_reward_type: entropy
            expl_coef_block_size: 4096
            player: 
                deterministic: False
                games_num: 100000
                print_stats: False
            central_value_config: 
                minibatch_size: 98304
                mini_epochs: 2
                learning_rate: 0.0001
                kl_threshold: 0.016
                clip_value: True
                normalize_input: True
                truncate_grads: True
                network: 
                    name: actor_critic
                    central_value: True
                    mlp: 
                        units: [1024, 1024, 512, 512]
                        activation: elu
                        d2rl: False
                        initializer: 
                            name: default
                        regularizer: 
                            name: None
pbt: 
    enabled: False
task_name: AllegroKuka
experiment: 00_bench_1771341254
num_envs: 
seed: 0
torch_deterministic: False
max_iterations: 
physics_engine: physx
pipeline: gpu
sim_device: cuda:0
rl_device: cuda:0
graphics_device_id: 0
num_threads: 4
solver_type: 1
num_subscenes: 4
test: False
checkpoint: 
checkpoint_yaml: 
sigma: 
multi_gpu: True
wandb_activate: False
wandb_group: 
wandb_name: 00_bench_1771341254
wandb_entity: 
wandb_project: isaacgymenvs
wandb_tags: []
wandb_logcode_dir: 
capture_video: False
capture_video_freq: 1464
capture_video_len: 100
force_render: True
headless: True
Setting seed: 1
task: 
    name: AllegroKuka
    physics_engine: physx
    env: 
        subtask: reorientation
        numEnvs: 24576
        envSpacing: 1.2
        episodeLength: 600
        enableCameraSensors: True
        enableDebugVis: False
        evalStats: False
        clampAbsObservations: 10.0
        stiffnessScale: 1.0
        forceLimitScale: 1.0
        useRelativeControl: False
        dofSpeedScale: 1.5
        handMovingAverage: 0.1
        armMovingAverage: 0.1
        dofSpeedScaleFinal: None
        armMovingAverageFinal: None
        handMovingAverageFinal: None
        controlFrequencyInv: 1
        resetPositionNoiseX: 0.1
        resetPositionNoiseY: 0.1
        resetPositionNoiseZ: 0.02
        randomizeObjectRotation: True
        resetDofPosRandomIntervalFingers: 0.1
        resetDofPosRandomIntervalArm: 0.1
        resetDofVelRandomInterval: 0.5
        tableResetZ: 0.38
        tableResetZRange: 0.025
        tableObjectZOffset: 0.25
        forceScale: 2.0
        forceProbRange: [0.001, 0.1]
        forceDecay: 0.99
        forceDecayInterval: 0.08
        forceOnlyWhenLifted: True
        torqueScale: 0.0
        torqueProbRange: [0.001, 0.1]
        torqueDecay: 0.99
        torqueDecayInterval: 0.08
        torqueOnlyWhenLifted: True
        linVelImpulseProbRange: [0.001, 0.1]
        linVelImpulseScale: 0.0
        linVelImpulseOnlyWhenLifted: True
        angVelImpulseProbRange: [0.001, 0.1]
        angVelImpulseScale: 0.0
        angVelImpulseOnlyWhenLifted: True
        liftingRewScale: 20.0
        liftingBonus: 300.0
        liftingBonusThreshold: 0.15
        keypointRewScale: 200.0
        distanceDeltaRewScale: 50.0
        reachGoalBonus: 1000.0
        kukaActionsPenaltyScale: 0.03
        allegroActionsPenaltyScale: 0.003
        fallDistance: 0.24
        fallPenalty: 0.0
        objectLinVelPenaltyScale: 0.0
        objectAngVelPenaltyScale: 0.0
        privilegedActions: False
        privilegedActionsTorque: 0.02
        dofFriction: -1.0
        allegroStiffness: 5.0
        kukaStiffness: 300.0
        allegroEffort: 0.35
        kukaEffort: [300, 300, 300, 300, 300, 300, 300]
        allegroDamping: 0.25
        kukaDamping: 20.0
        allegroArmature: 0
        kukaArmature: 0
        keypointScale: 1.5
        objectBaseSize: 0.04
        randomizeObjectDimensions: True
        withSmallCuboids: True
        withBigCuboids: True
        withSticks: True
        objectType: block
        observationType: full_state
        successTolerance: 0.075
        targetSuccessTolerance: 0.01
        evalSuccessTolerance: None
        toleranceCurriculumIncrement: 0.9
        toleranceCurriculumInterval: 3000
        maxConsecutiveSuccesses: 50
        successSteps: 10
        forceConsecutiveNearGoalSteps: False
        saveStates: False
        saveStatesFile: rootTensorsDofStates.bin
        loadInitialStates: False
        loadStatesFile: rootTensorsDofStates.bin
        goodResetBoundary: 0
        object_type: tyler_handle_head
        use_fixed_set_of_goal_states: False
        use_fixed_init_object_pose: False
        fixedGoalStates: None
        use_hack_object_pos_offset: False
        hack_object_pos_offset: 0.05
        record_data: False
        record_data_num_steps: 1000
        capture_video: True
        capture_video_freq: 6000
        capture_video_len: 600
        turn_off_extra_obs: False
        turn_off_extra_obs_slowly: False
        turn_off_palm_vel_obs: False
        turn_off_palm_vel_obs_slowly: False
        turn_off_object_vel_obs: False
        turn_off_object_vel_obs_slowly: False
        use_obs_dropout: False
        init_tyler_curriculum_scale: 0.0
        VISUALIZE_PD_TARGET_AS_BLUE_ROBOT: False
        withTableForceSensor: False
        curriculumSuccessRatio: 0.6
        resetWhenDropped: True
        timeToUpdateTylerCurriculum: 5
        updateStepSizeTylerCurriculum: 0.01
        stateList: ['joint_pos', 'joint_vel', 'prev_action_targets', 'palm_pos', 'palm_rot', 'palm_vel', 'object_rot', 'object_vel', 'fingertip_pos_rel_palm', 'keypoints_rel_palm', 'keypoints_rel_goal', 'object_scales', 'closest_keypoint_max_dist', 'closest_fingertip_dist', 'lifted_object', 'progress', 'successes', 'reward']
        obsList: ['joint_pos', 'joint_vel', 'prev_action_targets', 'palm_pos', 'palm_rot', 'object_rot', 'fingertip_pos_rel_palm', 'keypoints_rel_palm', 'keypoints_rel_goal', 'object_scales']
        fixedSizeKeypointReward: False
        fixedSize: [0.141, 0.03025, 0.0271]
        startArmHigher: False
        use_green_robot: True
        sanity_check_controls: False
        add_prev_targets_to_obs: False
        jointVelocityPenaltyScale: 0.0
        jointAccelerationPenaltyScale: 0.0
        goalSamplingType: delta
        targetVolumeRegionScale: 1.0
        deltaGoalDistance: 0.1
        deltaRotationDegrees: 90.0
        targetVolumeMins: [-0.35, -0.1, 0.68]
        targetVolumeMaxs: [0.35, 0.2, 1.05]
        useObsDelay: True
        obsDelayMax: 3
        useActionDelay: False
        actionDelayMax: 3
        useObjectStateDelayNoise: True
        objectStateDelayMax: 10
        objectStateXyzNoiseStd: 0.01
        objectStateRotationNoiseDegrees: 5.0
        jointVelocityObsNoiseStd: 0.01
        forceNoReset: False
        objectStartPose: None
        goalObjectPose: None
        handleHeadTypes: ['hammer', 'screwdriver', 'marker', 'spatula', 'eraser', 'brush']
        useDepthObservation: False
        depthImageSize: 224
        depthCameraMount: fixed
        depthCameraPos: [0.5, 0.0, 0.8]
        depthCameraTarget: [0.0, 0.0, 0.5]
        depthCameraWristBody: iiwa14_link_7
        modifyAssetFrictions: True
        robotFriction: 0.5
        fingerTipFriction: 1.5
        objectFriction: 0.5
        tableFriction: 0.5
        asset: 
            kukaAllegro: urdf/kuka_allegro_description/iiwa14_left_sharpa_adjusted_restricted.urdf
            table: urdf/table_narrow.urdf
            assetFileNameBlock: urdf/objects/cube_multicolor.urdf
        useSparseReward: False
    task: 
        randomize: False
        randomization_params: 
            frequency: 720
            observations: 
                range: [0, 0.01]
                range_correlated: [0, 0.01]
                operation: additive
                distribution: gaussian
                schedule: constant
                schedule_steps: 5000
            actions: 
                range: [0.0, 0.01]
                range_correlated: [0.0, 0.01]
                operation: additive
                distribution: gaussian
                schedule: linear
                schedule_steps: 5000
            sim_params: 
                gravity: 
                    range: [0, 0.3]
                    operation: additive
                    distribution: gaussian
            actor_params: 
                allegro: 
                    color: True
                    dof_properties: 
                        damping: 
                            range: [0.7, 1.3]
                            operation: scaling
                            distribution: loguniform
                        stiffness: 
                            range: [0.7, 1.3]
                            operation: scaling
                            distribution: loguniform
                        effort: 
                            range: [0.7, 1.3]
                            operation: scaling
                            distribution: uniform
                        friction: 
                            range: [0.7, 1.3]
                            operation: scaling
                            distribution: uniform
                        armature: 
                            range: [0.7, 1.3]
                            operation: scaling
                            distribution: uniform
                    rigid_body_properties: 
                        mass: 
                            range: [0.7, 1.3]
                            operation: scaling
                            distribution: uniform
                            setup_only: True
                    rigid_shape_properties: 
                        friction: 
                            num_buckets: 100
                            range: [0.7, 1.3]
                            operation: scaling
                            distribution: uniform
                        restitution: 
                            num_buckets: 100
                            range: [0.0, 0.3]
                            operation: additive
                            distribution: uniform
                object: 
                    rigid_body_properties: 
                        mass: 
                            range: [0.7, 1.3]
                            operation: scaling
                            distribution: uniform
                            setup_only: True
                    rigid_shape_properties: 
                        friction: 
                            num_buckets: 100
                            range: [0.7, 1.3]
                            operation: scaling
                            distribution: uniform
                        restitution: 
                            num_buckets: 100
                            range: [0.0, 0.3]
                            operation: additive
                            distribution: uniform
    sim: 
        substeps: 2
        dt: 0.016666666666666666
        up_axis: z
        use_gpu_pipeline: True
        num_client_threads: 8
        gravity: [0.0, 0.0, -9.81]
        physx: 
            num_threads: 6
            solver_type: 1
            num_position_iterations: 8
            num_velocity_iterations: 0
            max_gpu_contact_pairs: 8388608
            num_subscenes: 4
            contact_offset: 0.002
            rest_offset: 0.0
            bounce_threshold_velocity: 0.2
            max_depenetration_velocity: 1000.0
            default_buffer_size_multiplier: 25.0
            contact_collection: 0
train: 
    params: 
        seed: 0
        algo: 
            name: a2c_continuous
        model: 
            name: continuous_a2c_logstd
        network: 
            name: actor_critic
            separate: False
            space: 
                continuous: 
                    mu_activation: None
                    sigma_activation: None
                    mu_init: 
                        name: default
                    sigma_init: 
                        name: const_initializer
                        val: 0
                    fixed_sigma: coef_cond
            mlp: 
                units: [1024, 1024, 512, 512]
                activation: elu
                d2rl: False
                initializer: 
                    name: default
                regularizer: 
                    name: None
            rnn: 
                name: lstm
                units: 1024
                layers: 1
                before_mlp: True
                layer_norm: True
        load_checkpoint: False
        load_path: 
        config: 
            name: 00_bench_1771341254
            device_name: cuda:0
            env_name: rlgpu
            multi_gpu: True
            ppo: True
            mixed_precision: True
            normalize_input: True
            normalize_value: True
            normalize_advantage: True
            reward_shaper: 
                scale_value: 0.01
            num_actors: 24576
            gamma: 0.99
            tau: 0.95
            learning_rate: 0.0001
            lr_schedule: adaptive
            schedule_type: standard
            kl_threshold: 0.016
            score_to_win: 1000000
            max_epochs: 15
            max_frames: 100000000000
            save_best_after: 100
            save_frequency: 3000
            print_stats: True
            grad_norm: 1.0
            entropy_coef: 0.0
            truncate_grads: True
            e_clip: 0.1
            minibatch_size: 98304
            mini_epochs: 2
            critic_coef: 4.0
            clip_value: True
            horizon_length: 16
            seq_length: 16
            bounds_loss_coef: 0.0001
            defer_summaries_sec: 240
            summaries_interval_sec_min: 60
            summaries_interval_sec_max: 300
            good_reset_boundary: 0
            use_others_experience: lf
            off_policy_ratio: 1.0
            expl_type: mixed_expl_learn_param
            expl_reward_coef_embd_size: 32
            expl_reward_coef_scale: 0.005
            expl_reward_type: entropy
            expl_coef_block_size: 4096
            player: 
                deterministic: False
                games_num: 100000
                print_stats: False
            central_value_config: 
                minibatch_size: 98304
                mini_epochs: 2
                learning_rate: 0.0001
                kl_threshold: 0.016
                clip_value: True
                normalize_input: True
                truncate_grads: True
                network: 
                    name: actor_critic
                    central_value: True
                    mlp: 
                        units: [1024, 1024, 512, 512]
                        activation: elu
                        d2rl: False
                        initializer: 
                            name: default
                        regularizer: 
                            name: None
pbt: 
    enabled: False
task_name: AllegroKuka
experiment: 00_bench_1771341254
num_envs: 
seed: 0
torch_deterministic: False
max_iterations: 
physics_engine: physx
pipeline: gpu
sim_device: cuda:0
rl_device: cuda:0
graphics_device_id: 0
num_threads: 4
solver_type: 1
num_subscenes: 4
test: False
checkpoint: 
checkpoint_yaml: 
sigma: 
multi_gpu: True
wandb_activate: False
wandb_group: 
wandb_name: 00_bench_1771341254
wandb_entity: 
wandb_project: isaacgymenvs
wandb_tags: []
wandb_logcode_dir: 
capture_video: False
capture_video_freq: 1464
capture_video_len: 100
force_render: True
headless: True
Setting seed: 0
Using rl_device: cuda:0
Using sim_device: cuda:0
{'name': '00_bench_1771341254', 'device_name': 'cuda:0', 'env_name': 'rlgpu', 'multi_gpu': True, 'ppo': True, 'mixed_precision': True, 'normalize_input': True, 'normalize_value': True, 'normalize_advantage': True, 'reward_shaper': {'scale_value': 0.01}, 'num_actors': 24576, 'gamma': 0.99, 'tau': 0.95, 'learning_rate': 0.0001, 'lr_schedule': 'adaptive', 'schedule_type': 'standard', 'kl_threshold': 0.016, 'score_to_win': 1000000, 'max_epochs': 15, 'max_frames': 100000000000, 'save_best_after': 100, 'save_frequency': 3000, 'print_stats': True, 'grad_norm': 1.0, 'entropy_coef': 0.0, 'truncate_grads': True, 'e_clip': 0.1, 'minibatch_size': 98304, 'mini_epochs': 2, 'critic_coef': 4.0, 'clip_value': True, 'horizon_length': 16, 'seq_length': 16, 'bounds_loss_coef': 0.0001, 'defer_summaries_sec': 240, 'summaries_interval_sec_min': 60, 'summaries_interval_sec_max': 300, 'good_reset_boundary': 0, 'use_others_experience': 'lf', 'off_policy_ratio': 1.0, 'expl_type': 'mixed_expl_learn_param', 'expl_reward_coef_embd_size': 32, 'expl_reward_coef_scale': 0.005, 'expl_reward_type': 'entropy', 'expl_coef_block_size': 4096, 'player': {'deterministic': False, 'games_num': 100000, 'print_stats': False}, 'central_value_config': {'minibatch_size': 98304, 'mini_epochs': 2, 'learning_rate': 0.0001, 'kl_threshold': 0.016, 'clip_value': True, 'normalize_input': True, 'truncate_grads': True, 'network': {'name': 'actor_critic', 'central_value': True, 'mlp': {'units': [1024, 1024, 512, 512], 'activation': 'elu', 'd2rl': False, 'initializer': {'name': 'default'}, 'regularizer': {'name': 'None'}}}}, 'device': 'cuda:0', 'population_based_training': False, 'pbt_idx': None, 'full_experiment_name': None}
global_rank = 1 local_rank = 1 world_size = 2
self.seed = 2
Using rl_device: cuda:0
Using sim_device: cuda:0
{'name': '00_bench_1771341254', 'device_name': 'cuda:0', 'env_name': 'rlgpu', 'multi_gpu': True, 'ppo': True, 'mixed_precision': True, 'normalize_input': True, 'normalize_value': True, 'normalize_advantage': True, 'reward_shaper': {'scale_value': 0.01}, 'num_actors': 24576, 'gamma': 0.99, 'tau': 0.95, 'learning_rate': 0.0001, 'lr_schedule': 'adaptive', 'schedule_type': 'standard', 'kl_threshold': 0.016, 'score_to_win': 1000000, 'max_epochs': 15, 'max_frames': 100000000000, 'save_best_after': 100, 'save_frequency': 3000, 'print_stats': True, 'grad_norm': 1.0, 'entropy_coef': 0.0, 'truncate_grads': True, 'e_clip': 0.1, 'minibatch_size': 98304, 'mini_epochs': 2, 'critic_coef': 4.0, 'clip_value': True, 'horizon_length': 16, 'seq_length': 16, 'bounds_loss_coef': 0.0001, 'defer_summaries_sec': 240, 'summaries_interval_sec_min': 60, 'summaries_interval_sec_max': 300, 'good_reset_boundary': 0, 'use_others_experience': 'lf', 'off_policy_ratio': 1.0, 'expl_type': 'mixed_expl_learn_param', 'expl_reward_coef_embd_size': 32, 'expl_reward_coef_scale': 0.005, 'expl_reward_type': 'entropy', 'expl_coef_block_size': 4096, 'player': {'deterministic': False, 'games_num': 100000, 'print_stats': False}, 'central_value_config': {'minibatch_size': 98304, 'mini_epochs': 2, 'learning_rate': 0.0001, 'kl_threshold': 0.016, 'clip_value': True, 'normalize_input': True, 'truncate_grads': True, 'network': {'name': 'actor_critic', 'central_value': True, 'mlp': {'units': [1024, 1024, 512, 512], 'activation': 'elu', 'd2rl': False, 'initializer': {'name': 'default'}, 'regularizer': {'name': 'None'}}}}, 'device': 'cuda:0', 'population_based_training': False, 'pbt_idx': None, 'full_experiment_name': None}
global_rank = 0 local_rank = 0 world_size = 2
self.seed = 0
Started to train
Adding Central Value Network
Started to train
Adding Central Value Network
global_rank = 1 local_rank = 1 world_size = 2
Obs type: full_state
/juno/u/satvik/miniconda3/envs/sapg/lib/python3.8/site-packages/gym/spaces/box.py:84: UserWarning: [33mWARN: Box bound precision lowered by casting to float32[0m
  logger.warn(f"Box bound precision lowered by casting to {self.dtype}")
global_rank = 0 local_rank = 0 world_size = 2
Obs type: full_state
/juno/u/satvik/miniconda3/envs/sapg/lib/python3.8/site-packages/gym/spaces/box.py:84: UserWarning: [33mWARN: Box bound precision lowered by casting to float32[0m
  logger.warn(f"Box bound precision lowered by casting to {self.dtype}")
[Warning] [carb.gym.plugin] useGpuPipeline is set, forcing GPU PhysX
[Warning] [carb.gym.plugin] useGpu is set, forcing single scene (0 subscenes)
Not connected to PVD
+++ Using GPU PhysX
[Warning] [carb.gym.plugin] useGpuPipeline is set, forcing GPU PhysX
[Warning] [carb.gym.plugin] useGpu is set, forcing single scene (0 subscenes)
Not connected to PVD
+++ Using GPU PhysX
Physics Engine: PhysX
Physics Device: cuda:0
GPU Pipeline: enabled
Physics Engine: PhysX
Physics Device: cuda:0
GPU Pipeline: enabled
Assets template dir: /juno/u/satvik/sapg/isaacgymenvs/tasks/allegro_kuka/../../../assets/asset_templates
Assets template dir: /juno/u/satvik/sapg/isaacgymenvs/tasks/allegro_kuka/../../../assets/asset_templates
Assets template dir: /juno/u/satvik/sapg/isaacgymenvs/tasks/allegro_kuka/../../../assets/asset_templates
Assets template dir: /juno/u/satvik/sapg/isaacgymenvs/tasks/allegro_kuka/../../../assets/asset_templates
Assets template dir: /juno/u/satvik/sapg/isaacgymenvs/tasks/allegro_kuka/../../../assets/asset_templates
Assets template dir: /juno/u/satvik/sapg/isaacgymenvs/tasks/allegro_kuka/../../../assets/asset_templates
Assets template dir: /juno/u/satvik/sapg/isaacgymenvs/tasks/allegro_kuka/../../../assets/asset_templates
Assets template dir: /juno/u/satvik/sapg/isaacgymenvs/tasks/allegro_kuka/../../../assets/asset_templates
/juno/u/satvik/sapg/isaacgymenvs/tasks/allegro_kuka/allegro_kuka_base.py:1344: DeprecationWarning: an integer is required (got type isaacgym._bindings.linux-x86_64.gym_38.DofDriveMode).  Implicit conversion to integers using __int__ is deprecated, and may be removed in a future version of Python.
  asset_options.default_dof_drive_mode = gymapi.DOF_MODE_POS
Loading asset urdf/kuka_allegro_description/iiwa14_left_sharpa_adjusted_restricted.urdf from /juno/u/satvik/sapg/isaacgymenvs/tasks/allegro_kuka/../../../assets
/juno/u/satvik/sapg/isaacgymenvs/tasks/allegro_kuka/allegro_kuka_base.py:1344: DeprecationWarning: an integer is required (got type isaacgym._bindings.linux-x86_64.gym_38.DofDriveMode).  Implicit conversion to integers using __int__ is deprecated, and may be removed in a future version of Python.
  asset_options.default_dof_drive_mode = gymapi.DOF_MODE_POS
Loading asset urdf/kuka_allegro_description/iiwa14_left_sharpa_adjusted_restricted.urdf from /juno/u/satvik/sapg/isaacgymenvs/tasks/allegro_kuka/../../../assets
Loaded asset <isaacgym._bindings.linux-x86_64.gym_38.Asset object at 0x146a5d6f3870>
Allegro num rigid bodies: 30
Allegro rigid bodies: ['iiwa14_link_0', 'iiwa14_link_1', 'iiwa14_link_2', 'iiwa14_link_3', 'iiwa14_link_4', 'iiwa14_link_5', 'iiwa14_link_6', 'iiwa14_link_7', 'left_thumb_CMC_VL', 'left_thumb_MC', 'left_thumb_MCP_VL', 'left_thumb_PP', 'left_thumb_DP', 'left_index_MCP_VL', 'left_index_PP', 'left_index_MP', 'left_index_DP', 'left_middle_MCP_VL', 'left_middle_PP', 'left_middle_MP', 'left_middle_DP', 'left_ring_MCP_VL', 'left_ring_PP', 'left_ring_MP', 'left_ring_DP', 'left_pinky_MC', 'left_pinky_MCP_VL', 'left_pinky_PP', 'left_pinky_MP', 'left_pinky_DP']
Loaded asset <isaacgym._bindings.linux-x86_64.gym_38.Asset object at 0xc13de336f30>
Allegro num rigid bodies: 30
Allegro rigid bodies: ['iiwa14_link_0', 'iiwa14_link_1', 'iiwa14_link_2', 'iiwa14_link_3', 'iiwa14_link_4', 'iiwa14_link_5', 'iiwa14_link_6', 'iiwa14_link_7', 'left_thumb_CMC_VL', 'left_thumb_MC', 'left_thumb_MCP_VL', 'left_thumb_PP', 'left_thumb_DP', 'left_index_MCP_VL', 'left_index_PP', 'left_index_MP', 'left_index_DP', 'left_middle_MCP_VL', 'left_middle_PP', 'left_middle_MP', 'left_middle_DP', 'left_ring_MCP_VL', 'left_ring_PP', 'left_ring_MP', 'left_ring_DP', 'left_pinky_MC', 'left_pinky_MCP_VL', 'left_pinky_PP', 'left_pinky_MP', 'left_pinky_DP']
rb_names = ['iiwa14_link_0', 'iiwa14_link_1', 'iiwa14_link_2', 'iiwa14_link_3', 'iiwa14_link_4', 'iiwa14_link_5', 'iiwa14_link_6', 'iiwa14_link_7', 'left_thumb_CMC_VL', 'left_thumb_MC', 'left_thumb_MCP_VL', 'left_thumb_PP', 'left_thumb_DP', 'left_index_MCP_VL', 'left_index_PP', 'left_index_MP', 'left_index_DP', 'left_middle_MCP_VL', 'left_middle_PP', 'left_middle_MP', 'left_middle_DP', 'left_ring_MCP_VL', 'left_ring_PP', 'left_ring_MP', 'left_ring_DP', 'left_pinky_MC', 'left_pinky_MCP_VL', 'left_pinky_PP', 'left_pinky_MP', 'left_pinky_DP']
rb_names = ['iiwa14_link_0', 'iiwa14_link_1', 'iiwa14_link_2', 'iiwa14_link_3', 'iiwa14_link_4', 'iiwa14_link_5', 'iiwa14_link_6', 'iiwa14_link_7', 'left_thumb_CMC_VL', 'left_thumb_MC', 'left_thumb_MCP_VL', 'left_thumb_PP', 'left_thumb_DP', 'left_index_MCP_VL', 'left_index_PP', 'left_index_MP', 'left_index_DP', 'left_middle_MCP_VL', 'left_middle_PP', 'left_middle_MP', 'left_middle_DP', 'left_ring_MCP_VL', 'left_ring_PP', 'left_ring_MP', 'left_ring_DP', 'left_pinky_MC', 'left_pinky_MCP_VL', 'left_pinky_PP', 'left_pinky_MP', 'left_pinky_DP']
Allegro joint names: ['iiwa14_joint_1', 'iiwa14_joint_2', 'iiwa14_joint_3', 'iiwa14_joint_4', 'iiwa14_joint_5', 'iiwa14_joint_6', 'iiwa14_joint_7', 'left_1_thumb_CMC_FE', 'left_thumb_CMC_AA', 'left_thumb_MCP_FE', 'left_thumb_MCP_AA', 'left_thumb_IP', 'left_2_index_MCP_FE', 'left_index_MCP_AA', 'left_index_PIP', 'left_index_DIP', 'left_3_middle_MCP_FE', 'left_middle_MCP_AA', 'left_middle_PIP', 'left_middle_DIP', 'left_4_ring_MCP_FE', 'left_ring_MCP_AA', 'left_ring_PIP', 'left_ring_DIP', 'left_5_pinky_CMC', 'left_pinky_MCP_FE', 'left_pinky_MCP_AA', 'left_pinky_PIP', 'left_pinky_DIP']
Allegro joint names: ['iiwa14_joint_1', 'iiwa14_joint_2', 'iiwa14_joint_3', 'iiwa14_joint_4', 'iiwa14_joint_5', 'iiwa14_joint_6', 'iiwa14_joint_7', 'left_1_thumb_CMC_FE', 'left_thumb_CMC_AA', 'left_thumb_MCP_FE', 'left_thumb_MCP_AA', 'left_thumb_IP', 'left_2_index_MCP_FE', 'left_index_MCP_AA', 'left_index_PIP', 'left_index_DIP', 'left_3_middle_MCP_FE', 'left_middle_MCP_AA', 'left_middle_PIP', 'left_middle_DIP', 'left_4_ring_MCP_FE', 'left_ring_MCP_AA', 'left_ring_PIP', 'left_ring_DIP', 'left_5_pinky_CMC', 'left_pinky_MCP_FE', 'left_pinky_MCP_AA', 'left_pinky_PIP', 'left_pinky_DIP']
Initializing _tyler_curriculum_scale to 0.0
Box(-1.0, 1.0, (29,), float32) Box(-inf, inf, (140,), float32) Box(-inf, inf, (162,), float32)
seq_length: 16
current training device: cuda:0
num_minibatches: 4
/juno/u/satvik/sapg/rl_games/rl_games/common/a2c_common.py:257: FutureWarning: `torch.cuda.amp.GradScaler(args...)` is deprecated. Please use `torch.amp.GradScaler('cuda', args...)` instead.
  self.scaler = torch.cuda.amp.GradScaler(enabled=self.mixed_precision and self.ppo_device != 'cpu')
build mlp: 1024
RunningMeanStd:  (1,)
RunningMeanStd:  (140,)
Initializing _tyler_curriculum_scale to 0.0
Box(-1.0, 1.0, (29,), float32) Box(-inf, inf, (140,), float32) Box(-inf, inf, (162,), float32)
seq_length: 16
current training device: cuda:0
num_minibatches: 4
/juno/u/satvik/sapg/rl_games/rl_games/common/a2c_common.py:257: FutureWarning: `torch.cuda.amp.GradScaler(args...)` is deprecated. Please use `torch.amp.GradScaler('cuda', args...)` instead.
  self.scaler = torch.cuda.amp.GradScaler(enabled=self.mixed_precision and self.ppo_device != 'cpu')
build mlp: 1024
RunningMeanStd:  (1,)
RunningMeanStd:  (140,)
build mlp: 194
RunningMeanStd:  (1,)
RunningMeanStd:  (162,)
====================broadcasting parameters
build mlp: 194
RunningMeanStd:  (1,)
RunningMeanStd:  (162,)
====================broadcasting parameters
--------------------------------------------------------------------------------
At self.control_steps = 0, should start video capture at start of next episode
--------------------------------------------------------------------------------
--------------------------------------------------------------------------------
At self.control_steps = 0, should start video capture at start of next episode
--------------------------------------------------------------------------------
/juno/u/satvik/sapg/rl_games/rl_games/algos_torch/torch_ext.py:331: UserWarning: To copy construct from a tensor, it is recommended to use sourceTensor.clone().detach() or sourceTensor.clone().detach().requires_grad_(True), rather than torch.tensor(sourceTensor).
  self.current_size = torch.tensor(size_sum, dtype = torch.int32)
/juno/u/satvik/sapg/rl_games/rl_games/algos_torch/torch_ext.py:331: UserWarning: To copy construct from a tensor, it is recommended to use sourceTensor.clone().detach() or sourceTensor.clone().detach().requires_grad_(True), rather than torch.tensor(sourceTensor).
  self.current_size = torch.tensor(size_sum, dtype = torch.int32)
/juno/u/satvik/sapg/rl_games/rl_games/algos_torch/a2c_continuous.py:127: FutureWarning: `torch.cuda.amp.autocast(args...)` is deprecated. Please use `torch.amp.autocast('cuda', args...)` instead.
  with torch.cuda.amp.autocast(enabled=self.mixed_precision):
/juno/u/satvik/sapg/rl_games/rl_games/algos_torch/a2c_continuous.py:127: FutureWarning: `torch.cuda.amp.autocast(args...)` is deprecated. Please use `torch.amp.autocast('cuda', args...)` instead.
  with torch.cuda.amp.autocast(enabled=self.mixed_precision):

Timing:
  Play time               : 3.753 s
  Update time             : 1.814 s
  Time to train epoch     : 5.567 s


Timing:
  Play time               : 3.609 s
  Update time             : 1.818 s
  Time to train epoch     : 5.427 s


Statistics:
  fps step                    : 250,500
  fps step + policy inference : 209,534
  fps total                   : 141,257
  epoch                       : 1 / 15
  frames                      : 0 / 100,000,000,000


Policy 0: 
Frame 0
  scalars/success_tolerance                         : 0.075
  tyler_curriculum_scale                            : 0.000
  mean_successes                                    : 0.000
  mean_success_ratio                                : 0.000
  minutes_elapsed_since_last_update                 : 0.180
  success_ratio                                     : 0.000
  turn_off_object_vel_obs_scale                     : 1.000
  turn_off_palm_vel_obs_scale                       : 1.000
  turn_off_extra_obs_scale                          : 1.000
  reset/dropped                                     : 0.419
  reset/hand_far_from_object                        : 0.419
  reset/object_z_low                                : 0.163
  successes                                         : 0.000
  successes_median                                  : 0.000
  successes_max                                     : 0.000
  successes_per_block/block_0                       : 0.000
  successes_per_block/block_1                       : 0.000
  successes_per_block/block_2                       : 0.000
  successes_per_block/block_3                       : 0.000
  successes_per_block/block_4                       : 0.000
  successes_per_block/block_5                       : 0.000
  closest_keypoint_max_dist                         : 0.000
  closest_keypoint_max_dist_median                  : 0.000
  closest_keypoint_max_dist_max                     : 0.000
  closest_keypoint_max_dist_per_block/block_0       : 0.000
  closest_keypoint_max_dist_per_block/block_1       : 0.000
  closest_keypoint_max_dist_per_block/block_2       : 0.000
  closest_keypoint_max_dist_per_block/block_3       : 0.000
  closest_keypoint_max_dist_per_block/block_4       : 0.000
  closest_keypoint_max_dist_per_block/block_5       : 0.000
  true_objective_mean                               : 0.000
  true_objective_max                                : 0.000


Timing:
  Play time               : 2.432 s
  Update time             : 1.412 s
  Time to train epoch     : 3.844 s


Timing:
  Play time               : 2.434 s
  Update time             : 1.410 s
  Time to train epoch     : 3.844 s


Statistics:
  fps step                    : 384,145
  fps step + policy inference : 323,338
  fps total                   : 204,571
  epoch                       : 2 / 15
  frames                      : 786,432 / 100,000,000,000


Policy 0: 
Frame 786432
  scalars/success_tolerance                         : 0.075
  tyler_curriculum_scale                            : 0.000
  mean_successes                                    : 0.000
  mean_success_ratio                                : 0.000
  minutes_elapsed_since_last_update                 : 0.326
  success_ratio                                     : 0.000
  turn_off_object_vel_obs_scale                     : 1.000
  turn_off_palm_vel_obs_scale                       : 1.000
  turn_off_extra_obs_scale                          : 1.000
  reset/dropped                                     : 0.349
  reset/hand_far_from_object                        : 0.153
  reset/object_z_low                                : 0.497
  successes                                         : 0.000
  successes_median                                  : 0.000
  successes_max                                     : 0.000
  successes_per_block/block_0                       : 0.000
  successes_per_block/block_1                       : 0.000
  successes_per_block/block_2                       : 0.000
  successes_per_block/block_3                       : 0.000
  successes_per_block/block_4                       : 0.000
  successes_per_block/block_5                       : 0.000
  closest_keypoint_max_dist                         : 0.000
  closest_keypoint_max_dist_median                  : 0.000
  closest_keypoint_max_dist_max                     : 0.000
  closest_keypoint_max_dist_per_block/block_0       : 0.000
  closest_keypoint_max_dist_per_block/block_1       : 0.000
  closest_keypoint_max_dist_per_block/block_2       : 0.000
  closest_keypoint_max_dist_per_block/block_3       : 0.000
  closest_keypoint_max_dist_per_block/block_4       : 0.000
  closest_keypoint_max_dist_per_block/block_5       : 0.000
  true_objective_mean                               : 0.000
  true_objective_max                                : 0.000


Timing:

Timing:
  Play time               : 2.541 s
  Update time             : 1.221 s  Play time               : 2.539 s

  Time to train epoch     : 3.762 s
  Update time             : 1.223 s

  Time to train epoch     : 3.762 s


Statistics:
  fps step                    : 383,713
  fps step + policy inference : 309,686
  fps total                   : 209,027
  epoch                       : 3 / 15
  frames                      : 1,572,864 / 100,000,000,000


Policy 0: 
Frame 1572864
  scalars/success_tolerance                         : 0.075
  tyler_curriculum_scale                            : 0.000
  mean_successes                                    : 0.000
  mean_success_ratio                                : 0.000
  minutes_elapsed_since_last_update                 : 0.457
  success_ratio                                     : 0.000
  turn_off_object_vel_obs_scale                     : 1.000
  turn_off_palm_vel_obs_scale                       : 1.000
  turn_off_extra_obs_scale                          : 1.000
  reset/dropped                                     : 0.135
  reset/hand_far_from_object                        : 0.054
  reset/object_z_low                                : 0.812
  successes                                         : 0.000
  successes_median                                  : 0.000
  successes_max                                     : 0.000
  successes_per_block/block_0                       : 0.000
  successes_per_block/block_1                       : 0.000
  successes_per_block/block_2                       : 0.000
  successes_per_block/block_3                       : 0.000
  successes_per_block/block_4                       : 0.000
  successes_per_block/block_5                       : 0.000
  closest_keypoint_max_dist                         : 0.000
  closest_keypoint_max_dist_median                  : 0.000
  closest_keypoint_max_dist_max                     : 0.000
  closest_keypoint_max_dist_per_block/block_0       : 0.000
  closest_keypoint_max_dist_per_block/block_1       : 0.000
  closest_keypoint_max_dist_per_block/block_2       : 0.000
  closest_keypoint_max_dist_per_block/block_3       : 0.000
  closest_keypoint_max_dist_per_block/block_4       : 0.000
  closest_keypoint_max_dist_per_block/block_5       : 0.000
  true_objective_mean                               : 0.000
  true_objective_max                                : 0.000


Timing:
Timing:

  Play time               : 2.671 s  Play time               : 2.669 s

  Update time             : 1.206 s  Update time             : 1.209 s

  Time to train epoch     : 3.878 s
  Time to train epoch     : 3.878 s



Statistics:
  fps step                    : 392,861
  fps step + policy inference : 294,660
  fps total                   : 202,813
  epoch                       : 4 / 15
  frames                      : 2,359,296 / 100,000,000,000


Policy 0: 
Frame 2359296
  scalars/success_tolerance                         : 0.075
  tyler_curriculum_scale                            : 0.000
  mean_successes                                    : 0.000
  mean_success_ratio                                : 0.000
  minutes_elapsed_since_last_update                 : 0.578
  success_ratio                                     : 0.000
  turn_off_object_vel_obs_scale                     : 1.000
  turn_off_palm_vel_obs_scale                       : 1.000
  turn_off_extra_obs_scale                          : 1.000
  reset/dropped                                     : 0.112
  reset/hand_far_from_object                        : 0.044
  reset/object_z_low                                : 0.844
  successes                                         : 0.000
  successes_median                                  : 0.000
  successes_max                                     : 0.000
  successes_per_block/block_0                       : 0.000
  successes_per_block/block_1                       : 0.000
  successes_per_block/block_2                       : 0.000
  successes_per_block/block_3                       : 0.000
  successes_per_block/block_4                       : 0.000
  successes_per_block/block_5                       : 0.000
  closest_keypoint_max_dist                         : 0.000
  closest_keypoint_max_dist_median                  : 0.000
  closest_keypoint_max_dist_max                     : 0.000
  closest_keypoint_max_dist_per_block/block_0       : 0.000
  closest_keypoint_max_dist_per_block/block_1       : 0.000
  closest_keypoint_max_dist_per_block/block_2       : 0.000
  closest_keypoint_max_dist_per_block/block_3       : 0.000
  closest_keypoint_max_dist_per_block/block_4       : 0.000
  closest_keypoint_max_dist_per_block/block_5       : 0.000
  true_objective_mean                               : 0.000
  true_objective_max                                : 0.000


Timing:
Timing:

  Play time               : 2.637 s
  Update time             : 1.214 s
  Time to train epoch     : 3.852 s

  Play time               : 2.637 s
  Update time             : 1.214 s
  Time to train epoch     : 3.851 s


Statistics:
  fps step                    : 395,469
  fps step + policy inference : 298,214
  fps total                   : 204,184
  epoch                       : 5 / 15
  frames                      : 3,145,728 / 100,000,000,000


Policy 0: 
Frame 3145728
  scalars/success_tolerance                         : 0.075
  tyler_curriculum_scale                            : 0.000
  mean_successes                                    : 0.000
  mean_success_ratio                                : 0.000
  minutes_elapsed_since_last_update                 : 0.709
  success_ratio                                     : 0.000
  turn_off_object_vel_obs_scale                     : 1.000
  turn_off_palm_vel_obs_scale                       : 1.000
  turn_off_extra_obs_scale                          : 1.000
  reset/dropped                                     : 0.104
  reset/hand_far_from_object                        : 0.043
  reset/object_z_low                                : 0.853
  successes                                         : 0.000
  successes_median                                  : 0.000
  successes_max                                     : 0.000
  successes_per_block/block_0                       : 0.000
  successes_per_block/block_1                       : 0.000
  successes_per_block/block_2                       : 0.000
  successes_per_block/block_3                       : 0.000
  successes_per_block/block_4                       : 0.000
  successes_per_block/block_5                       : 0.000
  closest_keypoint_max_dist                         : 0.000
  closest_keypoint_max_dist_median                  : 0.000
  closest_keypoint_max_dist_max                     : 0.497
  closest_keypoint_max_dist_per_block/block_0       : 0.000
  closest_keypoint_max_dist_per_block/block_1       : 0.000
  closest_keypoint_max_dist_per_block/block_2       : 0.000
  closest_keypoint_max_dist_per_block/block_3       : 0.000
  closest_keypoint_max_dist_per_block/block_4       : 0.000
  closest_keypoint_max_dist_per_block/block_5       : 0.000
  true_objective_mean                               : 0.000
  true_objective_max                                : 0.000


Timing:
  Play time               : 2.542 s
  Update time             : 1.213 s
  Time to train epoch     : 3.755 s

Timing:

  Play time               : 2.539 s
  Update time             : 1.215 s
  Time to train epoch     : 3.755 s


Statistics:
  fps step                    : 406,440
  fps step + policy inference : 309,699
  fps total                   : 209,458
  epoch                       : 6 / 15
  frames                      : 3,932,160 / 100,000,000,000


Policy 0: 
Frame 3932160
  scalars/success_tolerance                         : 0.075
  tyler_curriculum_scale                            : 0.000
  mean_successes                                    : 0.000
  mean_success_ratio                                : 0.000
  minutes_elapsed_since_last_update                 : 0.836
  success_ratio                                     : 0.000
  turn_off_object_vel_obs_scale                     : 1.000
  turn_off_palm_vel_obs_scale                       : 1.000
  turn_off_extra_obs_scale                          : 1.000
  reset/dropped                                     : 0.104
  reset/hand_far_from_object                        : 0.041
  reset/object_z_low                                : 0.855
  successes                                         : 0.000
  successes_median                                  : 0.000
  successes_max                                     : 0.000
  successes_per_block/block_0                       : 0.000
  successes_per_block/block_1                       : 0.000
  successes_per_block/block_2                       : 0.000
  successes_per_block/block_3                       : 0.000
  successes_per_block/block_4                       : 0.000
  successes_per_block/block_5                       : 0.000
  closest_keypoint_max_dist                         : 0.000
  closest_keypoint_max_dist_median                  : 0.000
  closest_keypoint_max_dist_max                     : 0.497
  closest_keypoint_max_dist_per_block/block_0       : 0.001
  closest_keypoint_max_dist_per_block/block_1       : 0.001
  closest_keypoint_max_dist_per_block/block_2       : 0.001
  closest_keypoint_max_dist_per_block/block_3       : 0.000
  closest_keypoint_max_dist_per_block/block_4       : 0.000
  closest_keypoint_max_dist_per_block/block_5       : 0.000
  true_objective_mean                               : 0.000
  true_objective_max                                : 0.000


Timing:
Timing:

  Play time               : 2.361 s
  Update time             : 1.145 s
  Time to train epoch     : 3.506 s
  Play time               : 2.361 s

  Update time             : 1.144 s
  Time to train epoch     : 3.506 s


Statistics:
  fps step                    : 405,438
  fps step + policy inference : 333,117
  fps total                   : 224,332
  epoch                       : 7 / 15
  frames                      : 4,718,592 / 100,000,000,000


Policy 0: 
Frame 4718592
  scalars/success_tolerance                         : 0.075
  tyler_curriculum_scale                            : 0.000
  mean_successes                                    : 0.000
  mean_success_ratio                                : 0.000
  minutes_elapsed_since_last_update                 : 0.965
  success_ratio                                     : 0.000
  turn_off_object_vel_obs_scale                     : 1.000
  turn_off_palm_vel_obs_scale                       : 1.000
  turn_off_extra_obs_scale                          : 1.000
  reset/dropped                                     : 0.102
  reset/hand_far_from_object                        : 0.039
  reset/object_z_low                                : 0.859
  successes                                         : 0.000
  successes_median                                  : 0.000
  successes_max                                     : 0.000
  successes_per_block/block_0                       : 0.000
  successes_per_block/block_1                       : 0.000
  successes_per_block/block_2                       : 0.000
  successes_per_block/block_3                       : 0.000
  successes_per_block/block_4                       : 0.000
  successes_per_block/block_5                       : 0.000
  closest_keypoint_max_dist                         : 0.000
  closest_keypoint_max_dist_median                  : 0.000
  closest_keypoint_max_dist_max                     : 0.510
  closest_keypoint_max_dist_per_block/block_0       : 0.001
  closest_keypoint_max_dist_per_block/block_1       : 0.001
  closest_keypoint_max_dist_per_block/block_2       : 0.001
  closest_keypoint_max_dist_per_block/block_3       : 0.000
  closest_keypoint_max_dist_per_block/block_4       : 0.001
  closest_keypoint_max_dist_per_block/block_5       : 0.000
  true_objective_mean                               : 0.000
  true_objective_max                                : 0.000


Timing:
Timing:

  Play time               : 2.334 s  Play time               : 2.336 s

  Update time             : 1.190 s  Update time             : 1.189 s

  Time to train epoch     : 3.524 s
  Time to train epoch     : 3.524 s



Statistics:
  fps step                    : 420,283
  fps step + policy inference : 336,923
  fps total                   : 223,140
  epoch                       : 8 / 15
  frames                      : 5,505,024 / 100,000,000,000


Policy 0: 
Frame 5505024
  scalars/success_tolerance                         : 0.075
  tyler_curriculum_scale                            : 0.000
  mean_successes                                    : 0.000
  mean_success_ratio                                : 0.000
  minutes_elapsed_since_last_update                 : 1.082
  success_ratio                                     : 0.000
  turn_off_object_vel_obs_scale                     : 1.000
  turn_off_palm_vel_obs_scale                       : 1.000
  turn_off_extra_obs_scale                          : 1.000
  reset/dropped                                     : 0.098
  reset/hand_far_from_object                        : 0.037
  reset/object_z_low                                : 0.866
  successes                                         : 0.000
  successes_median                                  : 0.000
  successes_max                                     : 0.000
  successes_per_block/block_0                       : 0.000
  successes_per_block/block_1                       : 0.000
  successes_per_block/block_2                       : 0.000
  successes_per_block/block_3                       : 0.000
  successes_per_block/block_4                       : 0.000
  successes_per_block/block_5                       : 0.000
  closest_keypoint_max_dist                         : 0.001
  closest_keypoint_max_dist_median                  : 0.000
  closest_keypoint_max_dist_max                     : 0.543
  closest_keypoint_max_dist_per_block/block_0       : 0.001
  closest_keypoint_max_dist_per_block/block_1       : 0.001
  closest_keypoint_max_dist_per_block/block_2       : 0.001
  closest_keypoint_max_dist_per_block/block_3       : 0.000
  closest_keypoint_max_dist_per_block/block_4       : 0.001
  closest_keypoint_max_dist_per_block/block_5       : 0.001
  true_objective_mean                               : 0.000
  true_objective_max                                : 0.000


Timing:
  Play time               : 2.402 s

Timing:  Update time             : 1.201 s
  Time to train epoch     : 3.604 s


  Play time               : 2.403 s
  Update time             : 1.200 s
  Time to train epoch     : 3.603 s


Statistics:
  fps step                    : 409,663
  fps step + policy inference : 327,394
  fps total                   : 218,240
  epoch                       : 9 / 15
  frames                      : 6,291,456 / 100,000,000,000


Policy 0: 
Frame 6291456
  scalars/success_tolerance                         : 0.075
  tyler_curriculum_scale                            : 0.000
  mean_successes                                    : 0.000
  mean_success_ratio                                : 0.000
  minutes_elapsed_since_last_update                 : 1.208
  success_ratio                                     : 0.000
  turn_off_object_vel_obs_scale                     : 1.000
  turn_off_palm_vel_obs_scale                       : 1.000
  turn_off_extra_obs_scale                          : 1.000
  reset/dropped                                     : 0.084
  reset/hand_far_from_object                        : 0.031
  reset/object_z_low                                : 0.885
  successes                                         : 0.000
  successes_median                                  : 0.000
  successes_max                                     : 0.000
  successes_per_block/block_0                       : 0.000
  successes_per_block/block_1                       : 0.000
  successes_per_block/block_2                       : 0.000
  successes_per_block/block_3                       : 0.000
  successes_per_block/block_4                       : 0.000
  successes_per_block/block_5                       : 0.000
  closest_keypoint_max_dist                         : 0.001
  closest_keypoint_max_dist_median                  : 0.000
  closest_keypoint_max_dist_max                     : 0.543
  closest_keypoint_max_dist_per_block/block_0       : 0.001
  closest_keypoint_max_dist_per_block/block_1       : 0.001
  closest_keypoint_max_dist_per_block/block_2       : 0.001
  closest_keypoint_max_dist_per_block/block_3       : 0.000
  closest_keypoint_max_dist_per_block/block_4       : 0.001
  closest_keypoint_max_dist_per_block/block_5       : 0.001
  true_objective_mean                               : 0.000
  true_objective_max                                : 0.000


Timing:
  Play time               : 2.365 s
  Update time             : 1.218 s
Timing:
  Time to train epoch     : 3.583 s


  Play time               : 2.368 s
  Update time             : 1.216 s
  Time to train epoch     : 3.584 s


Statistics:
  fps step                    : 414,338
  fps step + policy inference : 332,497
  fps total                   : 219,462
  epoch                       : 10 / 15
  frames                      : 7,077,888 / 100,000,000,000


Policy 0: 
Frame 7077888
  scalars/success_tolerance                         : 0.075
  tyler_curriculum_scale                            : 0.000
  mean_successes                                    : 0.000
  mean_success_ratio                                : 0.000
  minutes_elapsed_since_last_update                 : 1.329
  success_ratio                                     : 0.000
  turn_off_object_vel_obs_scale                     : 1.000
  turn_off_palm_vel_obs_scale                       : 1.000
  turn_off_extra_obs_scale                          : 1.000
  reset/dropped                                     : 0.070
  reset/hand_far_from_object                        : 0.026
  reset/object_z_low                                : 0.904
  successes                                         : 0.000
  successes_median                                  : 0.000
  successes_max                                     : 0.000
  successes_per_block/block_0                       : 0.000
  successes_per_block/block_1                       : 0.000
  successes_per_block/block_2                       : 0.000
  successes_per_block/block_3                       : 0.000
  successes_per_block/block_4                       : 0.000
  successes_per_block/block_5                       : 0.000
  closest_keypoint_max_dist                         : 0.001
  closest_keypoint_max_dist_median                  : 0.000
  closest_keypoint_max_dist_max                     : 0.543
  closest_keypoint_max_dist_per_block/block_0       : 0.001
  closest_keypoint_max_dist_per_block/block_1       : 0.001
  closest_keypoint_max_dist_per_block/block_2       : 0.001
  closest_keypoint_max_dist_per_block/block_3       : 0.000
  closest_keypoint_max_dist_per_block/block_4       : 0.001
  closest_keypoint_max_dist_per_block/block_5       : 0.001
  true_objective_mean                               : 0.000
  true_objective_max                                : 0.000

saving next best rewards:  [36.68]
=> saving checkpoint 'runs/00_bench_1771341254/nn/00_bench_1771341254.pth'
Exception [Errno 2] No such file or directory: 'runs/00_bench_1771341254/best/model.pth' when trying to execute <built-in function remove> with args:('runs/00_bench_1771341254/best/model.pth',) and kwargs:{}...
Waiting 1 before trying again...
Exception [Errno 2] No such file or directory: 'runs/00_bench_1771341254/best/model.pth' when trying to execute <built-in function remove> with args:('runs/00_bench_1771341254/best/model.pth',) and kwargs:{}...
Waiting 2 before trying again...
Exception [Errno 2] No such file or directory: 'runs/00_bench_1771341254/best/model.pth' when trying to execute <built-in function remove> with args:('runs/00_bench_1771341254/best/model.pth',) and kwargs:{}...
Waiting 4 before trying again...
Exception [Errno 2] No such file or directory: 'runs/00_bench_1771341254/best/model.pth' when trying to execute <built-in function remove> with args:('runs/00_bench_1771341254/best/model.pth',) and kwargs:{}...
Waiting 8 before trying again...
Exception [Errno 2] No such file or directory: 'runs/00_bench_1771341254/best/model.pth' when trying to execute <built-in function remove> with args:('runs/00_bench_1771341254/best/model.pth',) and kwargs:{}...
Waiting 16 before trying again...

Timing:
  Play time               : 2.475 s
  Update time             : 1.319 s
  Time to train epoch     : 3.793 s


Timing:
  Play time               : 2.473 s
  Update time             : 1.320 s
  Time to train epoch     : 3.794 s


Statistics:
  fps step                    : 393,425
  fps step + policy inference : 318,005
  fps total                   : 207,310
  epoch                       : 11 / 15
  frames                      : 7,864,320 / 100,000,000,000


Policy 0: 
Frame 7864320
  scalars/success_tolerance                         : 0.075
  tyler_curriculum_scale                            : 0.000
  mean_successes                                    : 0.000
  mean_success_ratio                                : 0.000
  minutes_elapsed_since_last_update                 : 2.132
  success_ratio                                     : 0.000
  turn_off_object_vel_obs_scale                     : 1.000
  turn_off_palm_vel_obs_scale                       : 1.000
  turn_off_extra_obs_scale                          : 1.000
  reset/dropped                                     : 0.059
  reset/hand_far_from_object                        : 0.022
  reset/object_z_low                                : 0.920
  successes                                         : 0.000
  successes_median                                  : 0.000
  successes_max                                     : 0.000
  successes_per_block/block_0                       : 0.000
  successes_per_block/block_1                       : 0.000
  successes_per_block/block_2                       : 0.000
  successes_per_block/block_3                       : 0.000
  successes_per_block/block_4                       : 0.000
  successes_per_block/block_5                       : 0.000
  closest_keypoint_max_dist                         : 0.001
  closest_keypoint_max_dist_median                  : 0.000
  closest_keypoint_max_dist_max                     : 0.543
  closest_keypoint_max_dist_per_block/block_0       : 0.001
  closest_keypoint_max_dist_per_block/block_1       : 0.001
  closest_keypoint_max_dist_per_block/block_2       : 0.001
  closest_keypoint_max_dist_per_block/block_3       : 0.001
  closest_keypoint_max_dist_per_block/block_4       : 0.001
  closest_keypoint_max_dist_per_block/block_5       : 0.001
  true_objective_mean                               : 0.000
  true_objective_max                                : 0.000


Timing:
Timing:

  Play time               : 2.395 s
  Update time             : 1.302 s
  Play time               : 2.397 s  Time to train epoch     : 3.698 s


  Update time             : 1.301 s
  Time to train epoch     : 3.698 s


Statistics:
  fps step                    : 406,610
  fps step + policy inference : 328,296
  fps total                   : 212,681
  epoch                       : 12 / 15
  frames                      : 8,650,752 / 100,000,000,000


Policy 0: 
Frame 8650752
  scalars/success_tolerance                         : 0.075
  tyler_curriculum_scale                            : 0.000
  mean_successes                                    : 0.000
  mean_success_ratio                                : 0.000
  minutes_elapsed_since_last_update                 : 2.253
  success_ratio                                     : 0.000
  turn_off_object_vel_obs_scale                     : 1.000
  turn_off_palm_vel_obs_scale                       : 1.000
  turn_off_extra_obs_scale                          : 1.000
  reset/dropped                                     : 0.049
  reset/hand_far_from_object                        : 0.018
  reset/object_z_low                                : 0.933
  successes                                         : 0.000
  successes_median                                  : 0.000
  successes_max                                     : 0.000
  successes_per_block/block_0                       : 0.000
  successes_per_block/block_1                       : 0.000
  successes_per_block/block_2                       : 0.000
  successes_per_block/block_3                       : 0.000
  successes_per_block/block_4                       : 0.000
  successes_per_block/block_5                       : 0.000
  closest_keypoint_max_dist                         : 0.001
  closest_keypoint_max_dist_median                  : 0.000
  closest_keypoint_max_dist_max                     : 0.543
  closest_keypoint_max_dist_per_block/block_0       : 0.001
  closest_keypoint_max_dist_per_block/block_1       : 0.001
  closest_keypoint_max_dist_per_block/block_2       : 0.001
  closest_keypoint_max_dist_per_block/block_3       : 0.001
  closest_keypoint_max_dist_per_block/block_4       : 0.001
  closest_keypoint_max_dist_per_block/block_5       : 0.001
  true_objective_mean                               : 0.000
  true_objective_max                                : 0.000


Timing:
  Play time               : 2.331 s
  Update time             : 1.279 s
  Time to train epoch     : 3.610 s


Timing:
  Play time               : 2.329 s
  Update time             : 1.281 s
  Time to train epoch     : 3.610 s


Statistics:
  fps step                    : 407,895
  fps step + policy inference : 337,618
  fps total                   : 217,855
  epoch                       : 13 / 15
  frames                      : 9,437,184 / 100,000,000,000


Policy 0: 
Frame 9437184
  scalars/success_tolerance                         : 0.075
  tyler_curriculum_scale                            : 0.000
  mean_successes                                    : 0.000
  mean_success_ratio                                : 0.000
  minutes_elapsed_since_last_update                 : 2.381
  success_ratio                                     : 0.000
  turn_off_object_vel_obs_scale                     : 1.000
  turn_off_palm_vel_obs_scale                       : 1.000
  turn_off_extra_obs_scale                          : 1.000
  reset/dropped                                     : 0.042
  reset/hand_far_from_object                        : 0.015
  reset/object_z_low                                : 0.943
  successes                                         : 0.000
  successes_median                                  : 0.000
  successes_max                                     : 0.000
  successes_per_block/block_0                       : 0.000
  successes_per_block/block_1                       : 0.000
  successes_per_block/block_2                       : 0.000
  successes_per_block/block_3                       : 0.000
  successes_per_block/block_4                       : 0.000
  successes_per_block/block_5                       : 0.000
  closest_keypoint_max_dist                         : 0.001
  closest_keypoint_max_dist_median                  : 0.000
  closest_keypoint_max_dist_max                     : 0.543
  closest_keypoint_max_dist_per_block/block_0       : 0.001
  closest_keypoint_max_dist_per_block/block_1       : 0.001
  closest_keypoint_max_dist_per_block/block_2       : 0.001
  closest_keypoint_max_dist_per_block/block_3       : 0.001
  closest_keypoint_max_dist_per_block/block_4       : 0.001
  closest_keypoint_max_dist_per_block/block_5       : 0.001
  true_objective_mean                               : 0.000
  true_objective_max                                : 0.000


Timing:
  Play time               : 2.418 s
  Update time             : 1.293 s
  Time to train epoch     : 3.712 s


Timing:
  Play time               : 2.419 s
  Update time             : 1.293 s
  Time to train epoch     : 3.712 s


Statistics:
  fps step                    : 407,859
  fps step + policy inference : 325,188
  fps total                   : 211,878
  epoch                       : 14 / 15
  frames                      : 10,223,616 / 100,000,000,000


Policy 0: 
Frame 10223616
  scalars/success_tolerance                         : 0.075
  tyler_curriculum_scale                            : 0.000
  mean_successes                                    : 0.000
  mean_success_ratio                                : 0.000
  minutes_elapsed_since_last_update                 : 2.500
  success_ratio                                     : 0.000
  turn_off_object_vel_obs_scale                     : 1.000
  turn_off_palm_vel_obs_scale                       : 1.000
  turn_off_extra_obs_scale                          : 1.000
  reset/dropped                                     : 0.035
  reset/hand_far_from_object                        : 0.013
  reset/object_z_low                                : 0.952
  successes                                         : 0.000
  successes_median                                  : 0.000
  successes_max                                     : 0.000
  successes_per_block/block_0                       : 0.000
  successes_per_block/block_1                       : 0.000
  successes_per_block/block_2                       : 0.000
  successes_per_block/block_3                       : 0.000
  successes_per_block/block_4                       : 0.000
  successes_per_block/block_5                       : 0.000
  closest_keypoint_max_dist                         : 0.001
  closest_keypoint_max_dist_median                  : 0.000
  closest_keypoint_max_dist_max                     : 0.543
  closest_keypoint_max_dist_per_block/block_0       : 0.001
  closest_keypoint_max_dist_per_block/block_1       : 0.001
  closest_keypoint_max_dist_per_block/block_2       : 0.001
  closest_keypoint_max_dist_per_block/block_3       : 0.001
  closest_keypoint_max_dist_per_block/block_4       : 0.001
  closest_keypoint_max_dist_per_block/block_5       : 0.001
  true_objective_mean                               : 0.000
  true_objective_max                                : 0.000


Timing:
Timing:

  Play time               : 2.400 s
  Update time             : 1.447 s  Play time               : 2.402 s

  Time to train epoch     : 3.847 s
  Update time             : 1.446 s

  Time to train epoch     : 3.847 s


Statistics:
  fps step                    : 406,179
  fps step + policy inference : 327,663
  fps total                   : 204,402
  epoch                       : 15 / 15
  frames                      : 11,010,048 / 100,000,000,000


Policy 0: 
Frame 11010048
  scalars/success_tolerance                         : 0.075
  tyler_curriculum_scale                            : 0.000
  mean_successes                                    : 0.000
  mean_success_ratio                                : 0.000
  minutes_elapsed_since_last_update                 : 2.626
  success_ratio                                     : 0.000
  turn_off_object_vel_obs_scale                     : 1.000
  turn_off_palm_vel_obs_scale                       : 1.000
  turn_off_extra_obs_scale                          : 1.000
  reset/dropped                                     : 0.031
  reset/hand_far_from_object                        : 0.012
  reset/object_z_low                                : 0.957
  successes                                         : 0.000
  successes_median                                  : 0.000
  successes_max                                     : 0.000
  successes_per_block/block_0                       : 0.000
  successes_per_block/block_1                       : 0.000
  successes_per_block/block_2                       : 0.000
  successes_per_block/block_3                       : 0.000
  successes_per_block/block_4                       : 0.000
  successes_per_block/block_5                       : 0.000
  closest_keypoint_max_dist                         : 0.001
  closest_keypoint_max_dist_median                  : 0.000
  closest_keypoint_max_dist_max                     : 0.543
  closest_keypoint_max_dist_per_block/block_0       : 0.002
  closest_keypoint_max_dist_per_block/block_1       : 0.001
  closest_keypoint_max_dist_per_block/block_2       : 0.001
  closest_keypoint_max_dist_per_block/block_3       : 0.001
  closest_keypoint_max_dist_per_block/block_4       : 0.001
  closest_keypoint_max_dist_per_block/block_5       : 0.001
  true_objective_mean                               : 0.000
  true_objective_max                                : 0.000

=> saving checkpoint 'runs/00_bench_1771341254/nn/last_00_bench_1771341254_ep_15_rew__14.86_.pth'
MAX EPOCHS NUM!
Error executing job with overrides: ['task/env=reorientation', '++task.env.useSparseReward=False', 'headless=True', 'task.env.numEnvs=24576', 'train.params.config.minibatch_size=98304', 'multi_gpu=True', 'train.params.config.good_reset_boundary=0', 'task.env.goodResetBoundary=0', 'train.params.config.use_others_experience=lf', 'train.params.config.off_policy_ratio=1.0', 'train.params.config.expl_type=mixed_expl_learn_param', 'train.params.config.expl_reward_type=entropy', 'train.params.config.expl_coef_block_size=4096', 'train.params.config.expl_reward_coef_scale=0.005', 'train.params.network.space.continuous.fixed_sigma=coef_cond', 'wandb_activate=False', 'seed=0', 'experiment=00_bench_1771341254', 'task.env.object_type=tyler_handle_head', 'task.env.useRelativeControl=False', 'task.task.randomize=False', 'task=AllegroKukaLSTMAsymmetric', 'task.env.objectBaseSize=0.04', 'task.env.kukaActionsPenaltyScale=0.03', 'task.env.allegroActionsPenaltyScale=0.003', 'task.env.stateList=[joint_pos,joint_vel,prev_action_targets,palm_pos,palm_rot,palm_vel,object_rot,object_vel,fingertip_pos_rel_palm,keypoints_rel_palm,keypoints_rel_goal,object_scales,closest_keypoint_max_dist,closest_fingertip_dist,lifted_object,progress,successes,reward]', 'task.env.obsList=[joint_pos,joint_vel,prev_action_targets,palm_pos,palm_rot,object_rot,fingertip_pos_rel_palm,keypoints_rel_palm,keypoints_rel_goal,object_scales]', 'task.env.use_fixed_set_of_goal_states=False', 'task.env.controlFrequencyInv=1', 'task.env.useObsDelay=True', 'task.env.useActionDelay=False', 'task.env.useObjectStateDelayNoise=True', 'task.env.jointVelocityObsNoiseStd=0.01', 'task.env.successSteps=10', 'task.env.goalSamplingType=delta', 'task.env.dofSpeedScale=1.5', 'task.env.robotFriction=0.5', 'task.env.tableResetZRange=0.025', 'task.env.resetWhenDropped=True', 'task.env.armMovingAverage=0.1', 'train.params.config.max_epochs=15']
Traceback (most recent call last):
  File "/juno/u/satvik/sapg/isaacgymenvs/train.py", line 287, in launch
    vec_env.change_on_restart(omegaconf_to_dict(cfg.task))
AttributeError: 'int' object has no attribute 'change_on_restart'

Set the environment variable HYDRA_FULL_ERROR=1 for a complete stack trace.
Error executing job with overrides: ['task/env=reorientation', '++task.env.useSparseReward=False', 'headless=True', 'task.env.numEnvs=24576', 'train.params.config.minibatch_size=98304', 'multi_gpu=True', 'train.params.config.good_reset_boundary=0', 'task.env.goodResetBoundary=0', 'train.params.config.use_others_experience=lf', 'train.params.config.off_policy_ratio=1.0', 'train.params.config.expl_type=mixed_expl_learn_param', 'train.params.config.expl_reward_type=entropy', 'train.params.config.expl_coef_block_size=4096', 'train.params.config.expl_reward_coef_scale=0.005', 'train.params.network.space.continuous.fixed_sigma=coef_cond', 'wandb_activate=False', 'seed=0', 'experiment=00_bench_1771341254', 'task.env.object_type=tyler_handle_head', 'task.env.useRelativeControl=False', 'task.task.randomize=False', 'task=AllegroKukaLSTMAsymmetric', 'task.env.objectBaseSize=0.04', 'task.env.kukaActionsPenaltyScale=0.03', 'task.env.allegroActionsPenaltyScale=0.003', 'task.env.stateList=[joint_pos,joint_vel,prev_action_targets,palm_pos,palm_rot,palm_vel,object_rot,object_vel,fingertip_pos_rel_palm,keypoints_rel_palm,keypoints_rel_goal,object_scales,closest_keypoint_max_dist,closest_fingertip_dist,lifted_object,progress,successes,reward]', 'task.env.obsList=[joint_pos,joint_vel,prev_action_targets,palm_pos,palm_rot,object_rot,fingertip_pos_rel_palm,keypoints_rel_palm,keypoints_rel_goal,object_scales]', 'task.env.use_fixed_set_of_goal_states=False', 'task.env.controlFrequencyInv=1', 'task.env.useObsDelay=True', 'task.env.useActionDelay=False', 'task.env.useObjectStateDelayNoise=True', 'task.env.jointVelocityObsNoiseStd=0.01', 'task.env.successSteps=10', 'task.env.goalSamplingType=delta', 'task.env.dofSpeedScale=1.5', 'task.env.robotFriction=0.5', 'task.env.tableResetZRange=0.025', 'task.env.resetWhenDropped=True', 'task.env.armMovingAverage=0.1', 'train.params.config.max_epochs=15']
Traceback (most recent call last):
  File "/juno/u/satvik/sapg/isaacgymenvs/train.py", line 287, in launch
    vec_env.change_on_restart(omegaconf_to_dict(cfg.task))
AttributeError: 'int' object has no attribute 'change_on_restart'

Set the environment variable HYDRA_FULL_ERROR=1 for a complete stack trace.
W0217 07:17:50.685598 16121839122240 torch/distributed/elastic/multiprocessing/api.py:858] Sending process 3298759 closing signal SIGTERM
E0217 07:17:51.552154 16121839122240 torch/distributed/elastic/multiprocessing/api.py:833] failed (exitcode: 1) local_rank: 1 (pid: 3298760) of binary: /juno/u/satvik/miniconda3/envs/sapg/bin/python
Traceback (most recent call last):
  File "/juno/u/satvik/miniconda3/envs/sapg/lib/python3.8/runpy.py", line 194, in _run_module_as_main
    return _run_code(code, main_globals, None,
  File "/juno/u/satvik/miniconda3/envs/sapg/lib/python3.8/runpy.py", line 87, in _run_code
    exec(code, run_globals)
  File "/juno/u/satvik/miniconda3/envs/sapg/lib/python3.8/site-packages/torch/distributed/run.py", line 905, in <module>
    main()
  File "/juno/u/satvik/miniconda3/envs/sapg/lib/python3.8/site-packages/torch/distributed/elastic/multiprocessing/errors/__init__.py", line 348, in wrapper
    return f(*args, **kwargs)
  File "/juno/u/satvik/miniconda3/envs/sapg/lib/python3.8/site-packages/torch/distributed/run.py", line 901, in main
    run(args)
  File "/juno/u/satvik/miniconda3/envs/sapg/lib/python3.8/site-packages/torch/distributed/run.py", line 892, in run
    elastic_launch(
  File "/juno/u/satvik/miniconda3/envs/sapg/lib/python3.8/site-packages/torch/distributed/launcher/api.py", line 133, in __call__
    return launch_agent(self._config, self._entrypoint, list(args))
  File "/juno/u/satvik/miniconda3/envs/sapg/lib/python3.8/site-packages/torch/distributed/launcher/api.py", line 264, in launch_agent
    raise ChildFailedError(
torch.distributed.elastic.multiprocessing.errors.ChildFailedError: 
============================================================
isaacgymenvs.train FAILED
------------------------------------------------------------
Failures:
  <NO_OTHER_FAILURES>
------------------------------------------------------------
Root Cause (first observed failure):
[0]:
  time      : 2026-02-17_07:17:50
  host      : iliad8.stanford.edu
  rank      : 1 (local_rank: 1)
  exitcode  : 1 (pid: 3298760)
  error_file: <N/A>
  traceback : To enable traceback see: https://pytorch.org/docs/stable/elastic/errors.html
============================================================
